GAMS 32.1.0  r75a5b5d Released Jul 31, 2020 WEX-WEI x86 64bit/MS Windows - 11/27/20 19:21:48 Page 1
G e n e r a l   A l g e b r a i c   M o d e l i n g   S y s t e m
C o m p i l a t i o n


   1  *** Luis Miguel Gomez Londo帽o y Julian David Mendoza Ruiz
   2  ***C贸digos: 201729597 y 201730830
   3  *** Constantes *******************************************
   4   
   5  Scalar
   6      a Tiempo de adaptacion de un nuevo integrante al proyecto /2/
   7      c Constante de adelanto del proyecto. /3/
   8      m Adelanto minimo para cualquier proyecto. /1/
   9      N1 Personal inicial del equipo de software. /10/
  10      ;
  11  ***Sets***************************************************
  12   
  13  Set proyectos Proyectos del problema
  14   /p1*p3/;
  15   
  16  Set proyectosMas1 Proyectos del problema sin incluir el primero.
  17   /p2*p3/;
  18   
  19  ***Parametros      ****************************
  20   
  21  parameter T(proyectos) Tiempo inicial requerido para cumplir el proyecto n.
  22      /p1 10, p2 12 , p3 14/;
  23   
      parameter Ni(proyectos) Personal inicial del proyecto n.
          /p1 10, p2 10, p3 10/;
  28   
  29  parameter R(proyectos) Retraso m谩ximo que puede tener el proyecto n.
  30      /p1 2, p2 2, p3 2/;
      parameter B(proyectos) Periodo en que se agrega personal al proyecto n.
          /p1 0, p2 0, p3 0/;
  35   
  36  ***Variables*********************************************
  37  Integer variable P(proyectos) Tiempo final requerido para cumplir el proyecto n.
  38   
  39  Integer variable Nf(proyectos) Personal final del proyecto n.
  40   
  41  Integer variable B(proyectos) Periodo en que se agrega personal al proyecto n.
  42   
  43  Integer variable Ni(proyectos) Personal inicial del proyecto n.
  44   
  45  variable z Variable de la funci贸n objetivo
  46   
  47  Equations
  48   
  49  funcObjetivo Funci贸n objetivo del problema
  50   
  51  tiempoFinal(proyectos) Tiempo final de cada proyecto
  52   
  53  tiempoFinalN1(proyectos) Tiempo final de cada proyecto mas de N1.
  54   
  55  restPersonalFinal(proyectos) Restricci贸n de que el personal final debe ser mayor o igual al inicial para todo proyecto n.
  56   
  57  restRetrasoMaximo(proyectos) Restriccion para que el tiempo final - inicial del proyecto sea menor que lo maximo autorizado.
  58   
  59  restAdelantoMinimo(proyectos) Restriccion para que el tiempo del proyecto ini-final cumpla con el adelanto minimo.
  60   
  61  restPersonal(proyectos) Restriccion para que el personal final sea mayor o igual que el inicial.
  62   
  63  restAgregacionMaximaPersonal(proyectos) Restricci贸n que indica que se puede agregar personal en el 煤ltimo tercio del proyecto.
  64   
  65  restPersonalInicial1(proyectos) El personal inicial del proyecto 1 es igual a N1
  66   
  67  restPersonalInicial(proyectos) El personal inicial del proyecto 1+i es igual a Nfi
  68   
  69  restconcordancia(proyectos)
  70   
  71  ;
  72   
  73  funcObjetivo ..  z =e= sum(proyectos, P(proyectos));
  74   
  75  tiempoFinal(proyectos)$(ord(proyectos)<>1) .. P(proyectos) =e= T(proyectos)+ (Nf(proyectos)-Ni(proyectos))*(a+B(proyectos)) - (Ni(proyectos)-Ni(proyectos-1))*c;
  76   
  77  tiempoFinalN1(proyectos)$(ord(proyectos)=1) .. P(proyectos) =e= T(proyectos)+ (Nf(proyectos)-N1)*(a+B(proyectos));
  78   
  79  restPersonalFinal(proyectos) .. Nf(proyectos) =g= Ni(proyectos);
  80   
  81  restRetrasoMaximo(proyectos) .. P(proyectos) - T(proyectos) =l= R(proyectos) - 1;
  82   
  83  restAdelantoMinimo(proyectos)$(ord(proyectos)<>1) .. T(proyectos)- P(proyectos) =g= m;
  84   
  85  restPersonal(proyectos) .. Nf(proyectos) =g= Ni(proyectos);
  86   
  87  restAgregacionMaximaPersonal(proyectos) .. B(proyectos)=l=(T(proyectos)*(2/3));
  88   
  89  restPersonalInicial1(proyectos)$(ord(proyectos)=1) .. Ni(proyectos) =e= N1;
  90   
  91  restPersonalInicial(proyectos)$(ord(proyectos)<>1).. Ni(proyectos) =e= Nf(proyectos-1);
  92   
  93  restconcordancia(proyectos) .. Nf(proyectos)-Ni(proyectos) =l= B(proyectos)*1000;
  94   
  95  *Option Subsystems;
  96  *$ontext
  97  Model model1 /all/;
  98   
  99  *option minlp = CONOPT ;
 100   
 101  solve model1 using minlp minimizing z;
 102   
 103  Display z.l;
 104   
 105  Display Ni.l;
 106   
 107  Display Nf.l;
 108   
 109  Display B.l;
 110   
 111  Display P.l;
 112  *$offtext


COMPILATION TIME     =        0.000 SECONDS      3 MB  32.1.0 r75a5b5d WEX-WEI
GAMS 32.1.0  r75a5b5d Released Jul 31, 2020 WEX-WEI x86 64bit/MS Windows - 11/27/20 19:21:48 Page 2
G e n e r a l   A l g e b r a i c   M o d e l i n g   S y s t e m
Equation Listing    SOLVE model1 Using MINLP From line 101


---- funcObjetivo  =E=  Funci贸n objetivo del problema

funcObjetivo..  - P(p1) - P(p2) - P(p3) + z =E= 0 ; (LHS = 0)
     

---- tiempoFinal  =E=  Tiempo final de cada proyecto

tiempoFinal(p2)..  P(p2) - (2)*Nf(p2) + (0)*B(p2) - 3*Ni(p1) + (5)*Ni(p2) =E= 12 ; (LHS = 0, INFES = 12 ****)
     
tiempoFinal(p3)..  P(p3) - (2)*Nf(p3) + (0)*B(p3) - 3*Ni(p2) + (5)*Ni(p3) =E= 14 ; (LHS = 0, INFES = 14 ****)
     

---- tiempoFinalN1  =E=  Tiempo final de cada proyecto mas de N1.

tiempoFinalN1(p1)..  P(p1) - (2)*Nf(p1) + (10)*B(p1) =E= 10 ; (LHS = 20, INFES = 10 ****)
     

---- restPersonalFinal  =G=  Restricci贸n de que el personal final debe ser mayor o igual al inicial para todo proyecto n.

restPersonalFinal(p1)..  Nf(p1) - Ni(p1) =G= 0 ; (LHS = 0)
     
restPersonalFinal(p2)..  Nf(p2) - Ni(p2) =G= 0 ; (LHS = 0)
     
restPersonalFinal(p3)..  Nf(p3) - Ni(p3) =G= 0 ; (LHS = 0)
     

---- restRetrasoMaximo  =L=  Restriccion para que el tiempo final - inicial del proyecto sea menor que lo maximo autorizado.

restRetrasoMaximo(p1)..  P(p1) =L= 11 ; (LHS = 0)
     
restRetrasoMaximo(p2)..  P(p2) =L= 13 ; (LHS = 0)
     
restRetrasoMaximo(p3)..  P(p3) =L= 15 ; (LHS = 0)
     

---- restAdelantoMinimo  =G=  Restriccion para que el tiempo del proyecto ini-final cumpla con el adelanto minimo.

restAdelantoMinimo(p2)..  - P(p2) =G= -11 ; (LHS = 0)
     
restAdelantoMinimo(p3)..  - P(p3) =G= -13 ; (LHS = 0)
     

---- restPersonal  =G=  Restriccion para que el personal final sea mayor o igual que el inicial.

restPersonal(p1)..  Nf(p1) - Ni(p1) =G= 0 ; (LHS = 0)
     
restPersonal(p2)..  Nf(p2) - Ni(p2) =G= 0 ; (LHS = 0)
     
restPersonal(p3)..  Nf(p3) - Ni(p3) =G= 0 ; (LHS = 0)
     

---- restAgregacionMaximaPersonal  =L=  Restricci贸n que indica que se puede agregar personal en el 煤ltimo tercio del proyecto.

restAgregacionMaximaPersonal(p1)..  B(p1) =L= 6.66666666666667 ; (LHS = 0)
     
restAgregacionMaximaPersonal(p2)..  B(p2) =L= 8 ; (LHS = 0)
     
restAgregacionMaximaPersonal(p3)..  B(p3) =L= 9.33333333333333 ; (LHS = 0)
     

---- restPersonalInicial1  =E=  El personal inicial del proyecto 1 es igual a N1

restPersonalInicial1(p1)..  Ni(p1) =E= 10 ; (LHS = 0, INFES = 10 ****)
     

---- restPersonalInicial  =E=  El personal inicial del proyecto 1+i es igual a Nfi

restPersonalInicial(p2)..  - Nf(p1) + Ni(p2) =E= 0 ; (LHS = 0)
     
restPersonalInicial(p3)..  - Nf(p2) + Ni(p3) =E= 0 ; (LHS = 0)
     

---- restconcordancia  =L=  

restconcordancia(p1)..  Nf(p1) - 1000*B(p1) - Ni(p1) =L= 0 ; (LHS = 0)
     
restconcordancia(p2)..  Nf(p2) - 1000*B(p2) - Ni(p2) =L= 0 ; (LHS = 0)
     
restconcordancia(p3)..  Nf(p3) - 1000*B(p3) - Ni(p3) =L= 0 ; (LHS = 0)
     
GAMS 32.1.0  r75a5b5d Released Jul 31, 2020 WEX-WEI x86 64bit/MS Windows - 11/27/20 19:21:48 Page 3
G e n e r a l   A l g e b r a i c   M o d e l i n g   S y s t e m
Column Listing      SOLVE model1 Using MINLP From line 101


---- P  Tiempo final requerido para cumplir el proyecto n.

P(p1)
                (.LO, .L, .UP, .M = 0, 0, +INF, 0)
       -1       funcObjetivo
        1       tiempoFinalN1(p1)
        1       restRetrasoMaximo(p1)

P(p2)
                (.LO, .L, .UP, .M = 0, 0, +INF, 0)
       -1       funcObjetivo
        1       tiempoFinal(p2)
        1       restRetrasoMaximo(p2)
       -1       restAdelantoMinimo(p2)

P(p3)
                (.LO, .L, .UP, .M = 0, 0, +INF, 0)
       -1       funcObjetivo
        1       tiempoFinal(p3)
        1       restRetrasoMaximo(p3)
       -1       restAdelantoMinimo(p3)


---- Nf  Personal final del proyecto n.

Nf(p1)
                (.LO, .L, .UP, .M = 0, 0, +INF, 0)
      (-2)      tiempoFinalN1(p1)
        1       restPersonalFinal(p1)
        1       restPersonal(p1)
       -1       restPersonalInicial(p2)
        1       restconcordancia(p1)

Nf(p2)
                (.LO, .L, .UP, .M = 0, 0, +INF, 0)
      (-2)      tiempoFinal(p2)
        1       restPersonalFinal(p2)
        1       restPersonal(p2)
       -1       restPersonalInicial(p3)
        1       restconcordancia(p2)

Nf(p3)
                (.LO, .L, .UP, .M = 0, 0, +INF, 0)
      (-2)      tiempoFinal(p3)
        1       restPersonalFinal(p3)
        1       restPersonal(p3)
        1       restconcordancia(p3)


---- B  Periodo en que se agrega personal al proyecto n.

B(p1)
                (.LO, .L, .UP, .M = 0, 0, +INF, 0)
      (10)      tiempoFinalN1(p1)
        1       restAgregacionMaximaPersonal(p1)
    -1000       restconcordancia(p1)

B(p2)
                (.LO, .L, .UP, .M = 0, 0, +INF, 0)
       (0)      tiempoFinal(p2)
        1       restAgregacionMaximaPersonal(p2)
    -1000       restconcordancia(p2)

B(p3)
                (.LO, .L, .UP, .M = 0, 0, +INF, 0)
       (0)      tiempoFinal(p3)
        1       restAgregacionMaximaPersonal(p3)
    -1000       restconcordancia(p3)


---- Ni  Personal inicial del proyecto n.

Ni(p1)
                (.LO, .L, .UP, .M = 0, 0, +INF, 0)
       -3       tiempoFinal(p2)
       -1       restPersonalFinal(p1)
       -1       restPersonal(p1)
        1       restPersonalInicial1(p1)
       -1       restconcordancia(p1)

Ni(p2)
                (.LO, .L, .UP, .M = 0, 0, +INF, 0)
       (5)      tiempoFinal(p2)
       -3       tiempoFinal(p3)
       -1       restPersonalFinal(p2)
       -1       restPersonal(p2)
        1       restPersonalInicial(p2)
       -1       restconcordancia(p2)

Ni(p3)
                (.LO, .L, .UP, .M = 0, 0, +INF, 0)
       (5)      tiempoFinal(p3)
       -1       restPersonalFinal(p3)
       -1       restPersonal(p3)
        1       restPersonalInicial(p3)
       -1       restconcordancia(p3)


---- z  Variable de la funci贸n objetivo

z
                (.LO, .L, .UP, .M = -INF, 0, +INF, 0)
        1       funcObjetivo

GAMS 32.1.0  r75a5b5d Released Jul 31, 2020 WEX-WEI x86 64bit/MS Windows - 11/27/20 19:21:48 Page 4
G e n e r a l   A l g e b r a i c   M o d e l i n g   S y s t e m
Model Statistics    SOLVE model1 Using MINLP From line 101


MODEL STATISTICS

BLOCKS OF EQUATIONS          11     SINGLE EQUATIONS           24
BLOCKS OF VARIABLES           5     SINGLE VARIABLES           13
NON ZERO ELEMENTS            51     NON LINEAR N-Z              8
DERIVATIVE POOL              20     CONSTANT POOL              18
CODE LENGTH                  28     DISCRETE VARIABLES         12


GENERATION TIME      =        0.000 SECONDS      4 MB  32.1.0 r75a5b5d WEX-WEI
GAMS 32.1.0  r75a5b5d Released Jul 31, 2020 WEX-WEI x86 64bit/MS Windows - 11/27/20 19:21:48 Page 5
G e n e r a l   A l g e b r a i c   M o d e l i n g   S y s t e m
Solution Report     SOLVE model1 Using MINLP From line 101


               S O L V E      S U M M A R Y

     MODEL   model1              OBJECTIVE  z
     TYPE    MINLP               DIRECTION  MINIMIZE
     SOLVER  DICOPT              FROM LINE  101

**** SOLVER STATUS     1 Normal Completion         
**** MODEL STATUS      5 Locally Infeasible        
**** OBJECTIVE VALUE               35.0000

 RESOURCE USAGE, LIMIT          0.015 10000000000.000
 ITERATION COUNT, LIMIT         5    2147483647
 EVALUATION ERRORS              0             0
-------------------------------------------------------------------------------
Dicopt 2         32.1.0 r75a5b5d Released Jul 31, 2020 WEI x86 64bit/MS Window
-------------------------------------------------------------------------------
by Aldo Vecchietti, Director del Instituto INGAR,
   CONICET, UTN, Santa Fe, Argentina
by Ignacio E. Grossmann, Chemical Engineering Faculty,
   Carnegie Mellon University, Pittsburgh, PA, USA
-------------------------------------------------------------------------------
*** This solver runs with a demo license. No commercial use.
--- WARNING: 12 missing bounds on discrete variables.
---   In an integer cut, DICOPT will assume a bound of +/-1.000000e+04.
---   You can change this value by setting the option 'infbnd'.
CONOPT 3         32.1.0 r75a5b5d Released Jul 31, 2020 WEI x86 64bit/MS Window
*** This solver runs with a demo license. No commercial use.
 
 
    C O N O P T 3   version 3.17L
    Copyright (C)   ARKI Consulting and Development A/S
                    Bagsvaerdvej 246 A
                    DK-2880 Bagsvaerd, Denmark
 
 
    The model has 13 variables and 24 constraints
    with 51 Jacobian elements, 8 of which are nonlinear.
    The Hessian of the Lagrangian has 0 elements on the diagonal,
    5 elements below the diagonal, and 8 nonlinear variables.
 
                   Pre-triangular equations:   1
                   Post-triangular equations:  1
 
 
 ** Infeasible solution. There are no superbasic variables.
 
 
 CONOPT time Total                            0.001 seconds
   of which: Function evaluations             0.000 =  0.0%
             1st Derivative evaluations       0.000 =  0.0%
 
--- DICOPT: Relaxed NLP is infeasible

      The Relaxed NLP was infeasible. Please check your model and
      make sure it solves correctly as an RMINLP model. Also
      consider switching to a different RMINLP solver.


                           LOWER          LEVEL          UPPER         MARGINAL

---- EQU funcObjet~          .              .              .             EPS         

  funcObjetivo  Funci贸n objetivo del problema

---- EQU tiempoFinal  Tiempo final de cada proyecto

          LOWER          LEVEL          UPPER         MARGINAL

p2        12.0000        12.0000        12.0000         0.0417      
p3        14.0000        14.0000        14.0000         0.0278      

---- EQU tiempoFinalN1  Tiempo final de cada proyecto mas de N1.

          LOWER          LEVEL          UPPER         MARGINAL

p1        10.0000         9.8885        10.0000         0.0625 INFES

---- EQU restPersonalFinal  Restricci贸n de que el personal final debe ser mayor o igual al inicial para todo proyecto n.

          LOWER          LEVEL          UPPER         MARGINAL

p1          .             0.5556        +INF             .          
p2          .             0.3333        +INF             .          
p3          .              .            +INF            0.0556      

---- EQU restRetrasoMaximo  Restriccion para que el tiempo final - inicial del proyecto sea menor que lo maximo autorizado.

          LOWER          LEVEL          UPPER         MARGINAL

p1        -INF           11.0000        11.0000        -0.0625      
p2        -INF           11.0000        13.0000          .          
p3        -INF           13.0000        15.0000          .          

---- EQU restAdelantoMinimo  Restriccion para que el tiempo del proyecto ini-final cumpla con el adelanto minimo.

          LOWER          LEVEL          UPPER         MARGINAL

p2       -11.0000       -11.0000        +INF            0.0417      
p3       -13.0000       -13.0000        +INF            0.0278      

---- EQU restPersonal  Restriccion para que el personal final sea mayor o igual que el inicial.

          LOWER          LEVEL          UPPER         MARGINAL

p1          .             0.5556        +INF             .          
p2          .             0.3333        +INF             .          
p3          .              .            +INF             .          

---- EQU restAgregacionMaximaPersonal  Restricci贸n que indica que se puede agregar personal en el 煤ltimo tercio del proyecto.

          LOWER          LEVEL          UPPER         MARGINAL

p1        -INF            0.0006         6.6667          .          
p2        -INF            0.0003         8.0000          .          
p3        -INF             .             9.3333          .          

---- EQU restPersonalInicial1  El personal inicial del proyecto 1 es igual a N1

          LOWER          LEVEL          UPPER         MARGINAL

p1        10.0000        10.0000        10.0000         0.1250      

---- EQU restPersonalInicial  El personal inicial del proyecto 1+i es igual a Nfi

          LOWER          LEVEL          UPPER         MARGINAL

p2          .              .              .            -0.1251      
p3          .              .              .            -0.0834      

---- EQU restconcordancia  

          LOWER          LEVEL          UPPER         MARGINAL

p1        -INF             .              .       -3.472454E-5      
p2        -INF             .              .       -1.389661E-5      
p3        -INF             .              .             EPS         

---- VAR P  Tiempo final requerido para cumplir el proyecto n.

          LOWER          LEVEL          UPPER         MARGINAL

p1          .            11.0000        +INF            EPS         
p2          .            11.0000        +INF            EPS         
p3          .            13.0000        +INF            EPS         

---- VAR Nf  Personal final del proyecto n.

          LOWER          LEVEL          UPPER         MARGINAL

p1          .            10.5556        +INF            EPS         
p2          .            10.8889        +INF            EPS         
p3          .            10.8889        +INF            EPS         

---- VAR B  Periodo en que se agrega personal al proyecto n.

          LOWER          LEVEL          UPPER         MARGINAL

p1          .             0.0006        +INF            EPS         
p2          .             0.0003        +INF            EPS         
p3          .              .            +INF            EPS         

---- VAR Ni  Personal inicial del proyecto n.

          LOWER          LEVEL          UPPER         MARGINAL

p1          .            10.0000        +INF            EPS         
p2          .            10.5556        +INF            EPS         
p3          .            10.8889        +INF            EPS         

                           LOWER          LEVEL          UPPER         MARGINAL

---- VAR z                 -INF           35.0000        +INF             .          

  z  Variable de la funci贸n objetivo


**** REPORT SUMMARY :        0     NONOPT
                             1 INFEASIBLE (INFES)
                    SUM          0.1115
                    MAX          0.1115
                    MEAN         0.1115
                             0  UNBOUNDED
                             0     ERRORS
GAMS 32.1.0  r75a5b5d Released Jul 31, 2020 WEX-WEI x86 64bit/MS Windows - 11/27/20 19:21:48 Page 6
G e n e r a l   A l g e b r a i c   M o d e l i n g   S y s t e m
E x e c u t i o n


----    103 VARIABLE z.L                   =       35.000  Variable de la funci贸n objetivo

----    105 VARIABLE Ni.L  Personal inicial del proyecto n.

p1 10.000,    p2 10.556,    p3 10.889


----    107 VARIABLE Nf.L  Personal final del proyecto n.

p1 10.556,    p2 10.889,    p3 10.889


----    109 VARIABLE B.L  Periodo en que se agrega personal al proyecto n.

p1 5.555926E-4,    p2 3.333333E-4


----    111 VARIABLE P.L  Tiempo final requerido para cumplir el proyecto n.

p1 11.000,    p2 11.000,    p3 13.000



EXECUTION TIME       =        0.046 SECONDS      4 MB  32.1.0 r75a5b5d WEX-WEI


USER: GAMS Demo license for Julian David Mendoza RuizG200812|0002CO-GEN
      Universidad de los Andes, Colombia                       DL014815


**** FILE SUMMARY

Input      C:\Users\JulianDavid\Desktop\Andes\Semestre_VII\Modelado, simulaci髇 y optimizaci髇\Proyecto\ProyectoFinal_MOS_202020\Proyecto Ley de Brook.gms
Output     C:\Users\JulianDavid\Desktop\Andes\Semestre_VII\Modelado, simulaci髇 y optimizaci髇\Proyecto\ProyectoFinal_MOS_202020\Proyecto Ley de Brook.lst
